Release 14.7 - xst P.20131013 (nt)
Copyright (c) 1995-2013 Xilinx, Inc.  All rights reserved.
--> Parameter TMPDIR set to xst/projnav.tmp


Total REAL time to Xst completion: 3.00 secs
Total CPU time to Xst completion: 3.47 secs
 
--> Parameter xsthdpdir set to xst


Total REAL time to Xst completion: 3.00 secs
Total CPU time to Xst completion: 3.47 secs
 
--> Reading design: top.prj

TABLE OF CONTENTS
  1) Synthesis Options Summary
  2) HDL Parsing
  3) HDL Elaboration
  4) HDL Synthesis
       4.1) HDL Synthesis Report
  5) Advanced HDL Synthesis
       5.1) Advanced HDL Synthesis Report
  6) Low Level Synthesis
  7) Partition Report
  8) Design Summary
       8.1) Primitive and Black Box Usage
       8.2) Device utilization summary
       8.3) Partition Resource Summary
       8.4) Timing Report
            8.4.1) Clock Information
            8.4.2) Asynchronous Control Signals Information
            8.4.3) Timing Summary
            8.4.4) Timing Details
            8.4.5) Cross Clock Domains Report


=========================================================================
*                      Synthesis Options Summary                        *
=========================================================================
---- Source Parameters
Input File Name                    : "top.prj"
Ignore Synthesis Constraint File   : NO

---- Target Parameters
Output File Name                   : "top"
Output Format                      : NGC
Target Device                      : xc7k325t-1-ffg676

---- Source Options
Top Module Name                    : top
Automatic FSM Extraction           : YES
FSM Encoding Algorithm             : Auto
Safe Implementation                : No
FSM Style                          : LUT
RAM Extraction                     : Yes
RAM Style                          : Auto
ROM Extraction                     : Yes
Shift Register Extraction          : YES
ROM Style                          : Auto
Resource Sharing                   : YES
Asynchronous To Synchronous        : NO
Shift Register Minimum Size        : 2
Use DSP Block                      : Auto
Automatic Register Balancing       : No

---- Target Options
LUT Combining                      : Auto
Reduce Control Sets                : Auto
Add IO Buffers                     : YES
Global Maximum Fanout              : 100000
Add Generic Clock Buffer(BUFG)     : 32
Register Duplication               : YES
Optimize Instantiated Primitives   : NO
Use Clock Enable                   : Auto
Use Synchronous Set                : Auto
Use Synchronous Reset              : Auto
Pack IO Registers into IOBs        : Auto
Equivalent register Removal        : YES

---- General Options
Optimization Goal                  : Speed
Optimization Effort                : 1
Power Reduction                    : NO
Keep Hierarchy                     : No
Netlist Hierarchy                  : As_Optimized
RTL Output                         : Yes
Global Optimization                : AllClockNets
Read Cores                         : YES
Write Timing Constraints           : NO
Cross Clock Analysis               : NO
Hierarchy Separator                : /
Bus Delimiter                      : <>
Case Specifier                     : Maintain
Slice Utilization Ratio            : 100
BRAM Utilization Ratio             : 100
DSP48 Utilization Ratio            : 100
Auto BRAM Packing                  : NO
Slice Utilization Ratio Delta      : 5

---- Other Options
Cores Search Directories           : {"ipcore_dir"  }

=========================================================================


=========================================================================
*                          HDL Parsing                                  *
=========================================================================
Analyzing Verilog file "C:\Documents and Settings\adder_4bit\ipcore_dir\SWORD_LED_CLK.v" into library work
Parsing module <SWORD_LED_CLK>.
Analyzing Verilog file "C:\Documents and Settings\adder_4bit\adder_1bit.v" into library work
Parsing module <adder_1bit>.
Analyzing Verilog file "C:\Documents and Settings\adder_4bit\LED_ctrl.v" into library work
Parsing module <LED_ctrl>.
Analyzing Verilog file "C:\Documents and Settings\adder_4bit\adder_4bit.v" into library work
Parsing module <adder_4bits>.
Analyzing Verilog file "C:\Documents and Settings\adder_4bit\top.v" into library work
Parsing module <top>.

=========================================================================
*                            HDL Elaboration                            *
=========================================================================
WARNING:HDLCompiler:1016 - "C:\Documents and Settings\adder_4bit\top.v" Line 18: Port led_pen is not connected to this instance

Elaborating module <top>.

Elaborating module <adder_4bits>.

Elaborating module <adder_1bit>.

Elaborating module <LED_ctrl>.

Elaborating module <SWORD_LED_CLK>.

Elaborating module <IBUFGDS>.

Elaborating module <MMCME2_ADV(BANDWIDTH="OPTIMIZED",CLKOUT4_CASCADE="FALSE",COMPENSATION="ZHOLD",STARTUP_WAIT="FALSE",DIVCLK_DIVIDE=1,CLKFBOUT_MULT_F=10.0,CLKFBOUT_PHASE=0.0,CLKFBOUT_USE_FINE_PS="FALSE",CLKOUT0_DIVIDE_F=10.0,CLKOUT0_PHASE=0.0,CLKOUT0_DUTY_CYCLE=0.5,CLKOUT0_USE_FINE_PS="FALSE",CLKIN1_PERIOD=10.0,REF_JITTER1=0.01)>.
WARNING:HDLCompiler:1127 - "C:\Documents and Settings\adder_4bit\ipcore_dir\SWORD_LED_CLK.v" Line 129: Assignment to clkfboutb_unused ignored, since the identifier is never used
WARNING:HDLCompiler:1127 - "C:\Documents and Settings\adder_4bit\ipcore_dir\SWORD_LED_CLK.v" Line 131: Assignment to clkout0b_unused ignored, since the identifier is never used
WARNING:HDLCompiler:1127 - "C:\Documents and Settings\adder_4bit\ipcore_dir\SWORD_LED_CLK.v" Line 132: Assignment to clkout1_unused ignored, since the identifier is never used
WARNING:HDLCompiler:1127 - "C:\Documents and Settings\adder_4bit\ipcore_dir\SWORD_LED_CLK.v" Line 133: Assignment to clkout1b_unused ignored, since the identifier is never used
WARNING:HDLCompiler:1127 - "C:\Documents and Settings\adder_4bit\ipcore_dir\SWORD_LED_CLK.v" Line 134: Assignment to clkout2_unused ignored, since the identifier is never used
WARNING:HDLCompiler:1127 - "C:\Documents and Settings\adder_4bit\ipcore_dir\SWORD_LED_CLK.v" Line 135: Assignment to clkout2b_unused ignored, since the identifier is never used
WARNING:HDLCompiler:1127 - "C:\Documents and Settings\adder_4bit\ipcore_dir\SWORD_LED_CLK.v" Line 136: Assignment to clkout3_unused ignored, since the identifier is never used
WARNING:HDLCompiler:1127 - "C:\Documents and Settings\adder_4bit\ipcore_dir\SWORD_LED_CLK.v" Line 137: Assignment to clkout3b_unused ignored, since the identifier is never used
WARNING:HDLCompiler:1127 - "C:\Documents and Settings\adder_4bit\ipcore_dir\SWORD_LED_CLK.v" Line 138: Assignment to clkout4_unused ignored, since the identifier is never used
WARNING:HDLCompiler:1127 - "C:\Documents and Settings\adder_4bit\ipcore_dir\SWORD_LED_CLK.v" Line 139: Assignment to clkout5_unused ignored, since the identifier is never used
WARNING:HDLCompiler:1127 - "C:\Documents and Settings\adder_4bit\ipcore_dir\SWORD_LED_CLK.v" Line 140: Assignment to clkout6_unused ignored, since the identifier is never used
WARNING:HDLCompiler:1127 - "C:\Documents and Settings\adder_4bit\ipcore_dir\SWORD_LED_CLK.v" Line 152: Assignment to do_unused ignored, since the identifier is never used
WARNING:HDLCompiler:1127 - "C:\Documents and Settings\adder_4bit\ipcore_dir\SWORD_LED_CLK.v" Line 153: Assignment to drdy_unused ignored, since the identifier is never used
WARNING:HDLCompiler:1127 - "C:\Documents and Settings\adder_4bit\ipcore_dir\SWORD_LED_CLK.v" Line 159: Assignment to psdone_unused ignored, since the identifier is never used
WARNING:HDLCompiler:1127 - "C:\Documents and Settings\adder_4bit\ipcore_dir\SWORD_LED_CLK.v" Line 162: Assignment to clkinstopped_unused ignored, since the identifier is never used
WARNING:HDLCompiler:1127 - "C:\Documents and Settings\adder_4bit\ipcore_dir\SWORD_LED_CLK.v" Line 163: Assignment to clkfbstopped_unused ignored, since the identifier is never used

Elaborating module <BUFG>.
WARNING:HDLCompiler:1127 - "C:\Documents and Settings\adder_4bit\LED_ctrl.v" Line 26: Assignment to LOCKED ignored, since the identifier is never used
WARNING:HDLCompiler:634 - "C:\Documents and Settings\adder_4bit\LED_ctrl.v" Line 25: Net <RESET> does not have a driver.

=========================================================================
*                           HDL Synthesis                               *
=========================================================================

Synthesizing Unit <top>.
    Related source file is "C:\Documents and Settings\adder_4bit\top.v".
INFO:Xst:3210 - "C:\Documents and Settings\adder_4bit\top.v" line 18: Output port <led_pen> of the instance <U2> is unconnected or connected to loadless signal.
    Summary:
	no macro.
Unit <top> synthesized.

Synthesizing Unit <adder_4bits>.
    Related source file is "C:\Documents and Settings\adder_4bit\adder_4bit.v".
        size = 4
    Summary:
	no macro.
Unit <adder_4bits> synthesized.

Synthesizing Unit <adder_1bit>.
    Related source file is "C:\Documents and Settings\adder_4bit\adder_1bit.v".
    Summary:
Unit <adder_1bit> synthesized.

Synthesizing Unit <LED_ctrl>.
    Related source file is "C:\Documents and Settings\adder_4bit\LED_ctrl.v".
        piso_shift = 16
INFO:Xst:3210 - "C:\Documents and Settings\adder_4bit\LED_ctrl.v" line 18: Output port <LOCKED> of the instance <ClkGen100M> is unconnected or connected to loadless signal.
WARNING:Xst:653 - Signal <RESET> is used but never assigned. This sourceless signal will be automatically connected to value GND.
    Found 15-bit register for signal <sw_shift>.
    Found 1-bit register for signal <led_do>.
    Found 17-bit register for signal <counter>.
    Found 16-bit register for signal <sw_d1>.
    Summary:
	inferred  49 D-type flip-flop(s).
	inferred   2 Multiplexer(s).
Unit <LED_ctrl> synthesized.

Synthesizing Unit <SWORD_LED_CLK>.
    Related source file is "C:\Documents and Settings\adder_4bit\ipcore_dir\SWORD_LED_CLK.v".
    Summary:
	no macro.
Unit <SWORD_LED_CLK> synthesized.

=========================================================================
HDL Synthesis Report

Macro Statistics
# Registers                                            : 4
 1-bit register                                        : 1
 15-bit register                                       : 1
 16-bit register                                       : 1
 17-bit register                                       : 1
# Multiplexers                                         : 2
 1-bit 2-to-1 multiplexer                              : 1
 15-bit 2-to-1 multiplexer                             : 1
# Xors                                                 : 9
 1-bit xor2                                            : 8
 16-bit xor2                                           : 1

=========================================================================

=========================================================================
*                       Advanced HDL Synthesis                          *
=========================================================================

WARNING:Xst:1710 - FF/Latch <sw_d1_5> (without init value) has a constant value of 0 in block <U2>. This FF/Latch will be trimmed during the optimization process.
WARNING:Xst:1710 - FF/Latch <sw_d1_6> (without init value) has a constant value of 0 in block <U2>. This FF/Latch will be trimmed during the optimization process.
WARNING:Xst:1710 - FF/Latch <sw_d1_7> (without init value) has a constant value of 0 in block <U2>. This FF/Latch will be trimmed during the optimization process.
WARNING:Xst:1710 - FF/Latch <sw_d1_8> (without init value) has a constant value of 0 in block <U2>. This FF/Latch will be trimmed during the optimization process.
WARNING:Xst:1710 - FF/Latch <sw_d1_9> (without init value) has a constant value of 0 in block <U2>. This FF/Latch will be trimmed during the optimization process.
WARNING:Xst:1710 - FF/Latch <sw_d1_10> (without init value) has a constant value of 0 in block <U2>. This FF/Latch will be trimmed during the optimization process.
WARNING:Xst:1710 - FF/Latch <sw_d1_11> (without init value) has a constant value of 0 in block <U2>. This FF/Latch will be trimmed during the optimization process.
WARNING:Xst:1710 - FF/Latch <sw_d1_12> (without init value) has a constant value of 0 in block <U2>. This FF/Latch will be trimmed during the optimization process.
WARNING:Xst:1710 - FF/Latch <sw_d1_13> (without init value) has a constant value of 0 in block <U2>. This FF/Latch will be trimmed during the optimization process.
WARNING:Xst:1710 - FF/Latch <sw_d1_14> (without init value) has a constant value of 0 in block <U2>. This FF/Latch will be trimmed during the optimization process.
WARNING:Xst:1710 - FF/Latch <sw_d1_15> (without init value) has a constant value of 0 in block <U2>. This FF/Latch will be trimmed during the optimization process.

=========================================================================
Advanced HDL Synthesis Report

Macro Statistics
# Registers                                            : 49
 Flip-Flops                                            : 49
# Multiplexers                                         : 2
 1-bit 2-to-1 multiplexer                              : 1
 15-bit 2-to-1 multiplexer                             : 1
# Xors                                                 : 9
 1-bit xor2                                            : 8
 16-bit xor2                                           : 1

=========================================================================

=========================================================================
*                         Low Level Synthesis                           *
=========================================================================
INFO:Xst:2261 - The FF/Latch <sw_d1_5> in Unit <LED_ctrl> is equivalent to the following 10 FFs/Latches, which will be removed : <sw_d1_6> <sw_d1_7> <sw_d1_8> <sw_d1_9> <sw_d1_10> <sw_d1_11> <sw_d1_12> <sw_d1_13> <sw_d1_14> <sw_d1_15> 
WARNING:Xst:1710 - FF/Latch <sw_d1_5> (without init value) has a constant value of 0 in block <LED_ctrl>. This FF/Latch will be trimmed during the optimization process.

Optimizing unit <top> ...

Optimizing unit <LED_ctrl> ...

Mapping all equations...
Building and optimizing final netlist ...
Found area constraint ratio of 100 (+ 5) on block top, actual ratio is 0.
FlipFlop U2/sw_d1_3 has been replicated 1 time(s)

Final Macro Processing ...

=========================================================================
Final Register Report

Macro Statistics
# Registers                                            : 39
 Flip-Flops                                            : 39

=========================================================================

=========================================================================
*                           Partition Report                            *
=========================================================================

Partition Implementation Status
-------------------------------

  No Partitions were found in this design.

-------------------------------

=========================================================================
*                            Design Summary                             *
=========================================================================

Top Level Output File Name         : top.ngc

Primitive and Black Box Usage:
------------------------------
# BELS                             : 48
#      GND                         : 1
#      INV                         : 1
#      LUT2                        : 2
#      LUT4                        : 3
#      LUT5                        : 4
#      LUT6                        : 35
#      MUXF7                       : 1
#      VCC                         : 1
# FlipFlops/Latches                : 39
#      FD                          : 33
#      FDR                         : 6
# Clock Buffers                    : 2
#      BUFG                        : 2
# IO Buffers                       : 13
#      IBUF                        : 9
#      IBUFGDS                     : 1
#      OBUF                        : 3
# Others                           : 1
#      MMCME2_ADV                  : 1

Device utilization summary:
---------------------------

Selected Device : 7k325tffg676-1 


Slice Logic Utilization: 
 Number of Slice Registers:              39  out of  407600     0%  
 Number of Slice LUTs:                   45  out of  203800     0%  
    Number used as Logic:                45  out of  203800     0%  

Slice Logic Distribution: 
 Number of LUT Flip Flop pairs used:     46
   Number with an unused Flip Flop:       7  out of     46    15%  
   Number with an unused LUT:             1  out of     46     2%  
   Number of fully used LUT-FF pairs:    38  out of     46    82%  
   Number of unique control sets:         2

IO Utilization: 
 Number of IOs:                          14
 Number of bonded IOBs:                  14  out of    400     3%  

Specific Feature Utilization:
 Number of BUFG/BUFGCTRLs:                2  out of     32     6%  

---------------------------
Partition Resource Summary:
---------------------------

  No Partitions were found in this design.

---------------------------


=========================================================================
Timing Report

NOTE: THESE TIMING NUMBERS ARE ONLY A SYNTHESIS ESTIMATE.
      FOR ACCURATE TIMING INFORMATION PLEASE REFER TO THE TRACE REPORT
      GENERATED AFTER PLACE-and-ROUTE.

Clock Information:
------------------
-----------------------------------+------------------------+-------+
Clock Signal                       | Clock buffer(FF name)  | Load  |
-----------------------------------+------------------------+-------+
U2/ClkGen100M/clkout0              | BUFG                   | 39    |
-----------------------------------+------------------------+-------+

Asynchronous Control Signals Information:
----------------------------------------
No asynchronous control signals found in this design

Timing Summary:
---------------
Speed Grade: -1

   Minimum period: 1.567ns (Maximum Frequency: 638.263MHz)
   Minimum input arrival time before clock: 2.657ns
   Maximum output required time after clock: 1.147ns
   Maximum combinational path delay: 0.405ns

Timing Details:
---------------
All values displayed in nanoseconds (ns)

=========================================================================
Timing constraint: Default period analysis for Clock 'U2/ClkGen100M/clkout0'
  Clock period: 1.567ns (frequency: 638.263MHz)
  Total number of paths / destination ports: 197 / 33
-------------------------------------------------------------------------
Delay:               1.567ns (Levels of Logic = 2)
  Source:            U2/sw_d1_2 (FF)
  Destination:       U2/led_do (FF)
  Source Clock:      U2/ClkGen100M/clkout0 rising
  Destination Clock: U2/ClkGen100M/clkout0 rising

  Data Path: U2/sw_d1_2 to U2/led_do
                                Gate     Net
    Cell:in->out      fanout   Delay   Delay  Logical Name (Net Name)
    ----------------------------------------  ------------
     FDR:C->Q              1   0.282   0.602  U2/sw_d1_2 (U2/sw_d1_2)
     LUT6:I3->O           33   0.053   0.566  U2/out_SW0 (N01)
     LUT5:I4->O            1   0.053   0.000  U2/out (U2/counter_16_rstpot)
     FD:D                      0.011          U2/counter_16
    ----------------------------------------
    Total                      1.567ns (0.399ns logic, 1.168ns route)
                                       (25.5% logic, 74.5% route)

=========================================================================
Timing constraint: Default OFFSET IN BEFORE for Clock 'U2/ClkGen100M/clkout0'
  Total number of paths / destination ports: 994 / 45
-------------------------------------------------------------------------
Offset:              2.657ns (Levels of Logic = 5)
  Source:            a<1> (PAD)
  Destination:       U2/sw_shift_2 (FF)
  Destination Clock: U2/ClkGen100M/clkout0 rising

  Data Path: a<1> to U2/sw_shift_2
                                Gate     Net
    Cell:in->out      fanout   Delay   Delay  Logical Name (Net Name)
    ----------------------------------------  ------------
     IBUF:I->O             5   0.000   0.662  a_1_IBUF (a_1_IBUF)
     LUT4:I0->O            3   0.053   0.499  co21 (co_bdd2)
     LUT5:I3->O           34   0.053   0.788  co1 (co)
     LUT4:I0->O            1   0.053   0.485  U2/out_SW3 (N5)
     LUT6:I4->O            1   0.053   0.000  U2/Mmux_sw_shift[13]_sw[14]_mux_6_OUT81 (U2/sw_shift[13]_sw[14]_mux_6_OUT<2>)
     FD:D                      0.011          U2/sw_shift_2
    ----------------------------------------
    Total                      2.657ns (0.223ns logic, 2.434ns route)
                                       (8.4% logic, 91.6% route)

=========================================================================
Timing constraint: Default OFFSET OUT AFTER for Clock 'U2/ClkGen100M/clkout0'
  Total number of paths / destination ports: 2 / 2
-------------------------------------------------------------------------
Offset:              1.147ns (Levels of Logic = 2)
  Source:            U2/counter_0 (FF)
  Destination:       LEDCLK (PAD)
  Source Clock:      U2/ClkGen100M/clkout0 rising

  Data Path: U2/counter_0 to LEDCLK
                                Gate     Net
    Cell:in->out      fanout   Delay   Delay  Logical Name (Net Name)
    ----------------------------------------  ------------
     FD:C->Q               1   0.282   0.413  U2/counter_0 (U2/counter_0)
     LUT2:I1->O            1   0.053   0.399  U2/led_clk1 (LEDCLK_OBUF)
     OBUF:I->O                 0.000          LEDCLK_OBUF (LEDCLK)
    ----------------------------------------
    Total                      1.147ns (0.335ns logic, 0.812ns route)
                                       (29.2% logic, 70.8% route)

=========================================================================
Timing constraint: Default path analysis
  Total number of paths / destination ports: 3 / 2
-------------------------------------------------------------------------
Delay:               0.405ns (Levels of Logic = 2)
  Source:            RSTN (PAD)
  Destination:       LEDCLR (PAD)

  Data Path: RSTN to LEDCLR
                                Gate     Net
    Cell:in->out      fanout   Delay   Delay  Logical Name (Net Name)
    ----------------------------------------  ------------
     IBUF:I->O             2   0.000   0.405  RSTN_IBUF (RSTN_IBUF)
     OBUF:I->O                 0.000          LEDCLR_OBUF (LEDCLR)
    ----------------------------------------
    Total                      0.405ns (0.000ns logic, 0.405ns route)
                                       (0.0% logic, 100.0% route)

=========================================================================

Cross Clock Domains Report:
--------------------------

Clock to Setup on destination clock U2/ClkGen100M/clkout0
---------------------+---------+---------+---------+---------+
                     | Src:Rise| Src:Fall| Src:Rise| Src:Fall|
Source Clock         |Dest:Rise|Dest:Rise|Dest:Fall|Dest:Fall|
---------------------+---------+---------+---------+---------+
U2/ClkGen100M/clkout0|    1.567|         |         |         |
---------------------+---------+---------+---------+---------+

=========================================================================


Total REAL time to Xst completion: 18.00 secs
Total CPU time to Xst completion: 17.75 secs
 
--> 

Total memory usage is 266120 kilobytes

Number of errors   :    0 (   0 filtered)
Number of warnings :   32 (   0 filtered)
Number of infos    :    3 (   0 filtered)

